
[7m[1m[36m RUN [39m[22m[27m [36mv1.6.1[39m [90mC:/Users/ayush/OneDrive/Desktop/AGENT 2/frontend[39m

node.exe : [2minclude: [22m[33m
**/*.{test,spec}.?(c|m)[jt]s?(x)[
39m
At C:\Program 
Files\nodejs\npx.ps1:29 char:3
+   & $NODE_EXE $NPX_CLI_JS $args
+   ~~~~~~~~~~~~~~~~~~~~~~~~~~~~~
    + CategoryInfo          : Not 
   Specified: ([2minclude: [..  
  .)[jt]s?(x)[39m:String) [],    
 RemoteException
    + FullyQualifiedErrorId : Nat 
   iveCommandError
 
[2mexclude:  
[22m[33m**/node_modules/**[2m, 
[22m**/dist/**[2m, 
[22m**/e2e/**[2m, 
[22m**/*.e2e.spec.js[2m, 
[22m**/*-e2e.spec.js[39m
[2mwatch exclude:  
[22m[33m**/node_modules/**[2m, 
[22m**/dist/**[39m
[31m
No test files found, exiting with 
code 1[39m
